${prj_dir}/design/./chipyard.harness.TestHarness.RocketQuadCoreConfig/gen-collateral/ALU.sv
${prj_dir}/design/./chipyard.harness.TestHarness.RocketQuadCoreConfig/gen-collateral/AMOALU.sv
${prj_dir}/design/./chipyard.harness.TestHarness.RocketQuadCoreConfig/gen-collateral/Arbiter.sv
${prj_dir}/design/./chipyard.harness.TestHarness.RocketQuadCoreConfig/gen-collateral/AsyncQueue.sv
${prj_dir}/design/./chipyard.harness.TestHarness.RocketQuadCoreConfig/gen-collateral/AsyncQueueSink.sv
${prj_dir}/design/./chipyard.harness.TestHarness.RocketQuadCoreConfig/gen-collateral/AsyncQueueSink_2.sv
${prj_dir}/design/./chipyard.harness.TestHarness.RocketQuadCoreConfig/gen-collateral/AsyncQueueSink_3.sv
${prj_dir}/design/./chipyard.harness.TestHarness.RocketQuadCoreConfig/gen-collateral/AsyncQueueSink_4.sv
${prj_dir}/design/./chipyard.harness.TestHarness.RocketQuadCoreConfig/gen-collateral/AsyncQueueSource.sv
${prj_dir}/design/./chipyard.harness.TestHarness.RocketQuadCoreConfig/gen-collateral/AsyncQueueSource_2.sv
${prj_dir}/design/./chipyard.harness.TestHarness.RocketQuadCoreConfig/gen-collateral/AsyncQueueSource_3.sv
${prj_dir}/design/./chipyard.harness.TestHarness.RocketQuadCoreConfig/gen-collateral/AsyncQueueSource_4.sv
${prj_dir}/design/./chipyard.harness.TestHarness.RocketQuadCoreConfig/gen-collateral/AsyncResetRegVec_w1_i0.sv
${prj_dir}/design/./chipyard.harness.TestHarness.RocketQuadCoreConfig/gen-collateral/AsyncResetRegVec_w1_i1.sv
${prj_dir}/design/./chipyard.harness.TestHarness.RocketQuadCoreConfig/gen-collateral/AsyncResetRegVec_w2_i0.sv
${prj_dir}/design/./chipyard.harness.TestHarness.RocketQuadCoreConfig/gen-collateral/AsyncResetSynchronizerPrimitiveShiftReg_d3_i0.sv
${prj_dir}/design/./chipyard.harness.TestHarness.RocketQuadCoreConfig/gen-collateral/AsyncResetSynchronizerPrimitiveShiftReg_d3_i0_TestHarness_UNIQUIFIED.sv
${prj_dir}/design/./chipyard.harness.TestHarness.RocketQuadCoreConfig/gen-collateral/AsyncResetSynchronizerShiftReg_w1_d3_i0.sv
${prj_dir}/design/./chipyard.harness.TestHarness.RocketQuadCoreConfig/gen-collateral/AsyncResetSynchronizerShiftReg_w1_d3_i0_1.sv
${prj_dir}/design/./chipyard.harness.TestHarness.RocketQuadCoreConfig/gen-collateral/AsyncResetSynchronizerShiftReg_w1_d3_i0_TestHarness_UNIQUIFIED.sv
${prj_dir}/design/./chipyard.harness.TestHarness.RocketQuadCoreConfig/gen-collateral/AsyncResetSynchronizerShiftReg_w4_d3_i0.sv
${prj_dir}/design/./chipyard.harness.TestHarness.RocketQuadCoreConfig/gen-collateral/AsyncValidSync.sv
${prj_dir}/design/./chipyard.harness.TestHarness.RocketQuadCoreConfig/gen-collateral/Atomics.sv
${prj_dir}/design/./chipyard.harness.TestHarness.RocketQuadCoreConfig/gen-collateral/AXI4Buffer.sv
${prj_dir}/design/./chipyard.harness.TestHarness.RocketQuadCoreConfig/gen-collateral/AXI4Buffer_1.sv
${prj_dir}/design/./chipyard.harness.TestHarness.RocketQuadCoreConfig/gen-collateral/AXI4Deinterleaver.sv
${prj_dir}/design/./chipyard.harness.TestHarness.RocketQuadCoreConfig/gen-collateral/AXI4Fragmenter.sv
${prj_dir}/design/./chipyard.harness.TestHarness.RocketQuadCoreConfig/gen-collateral/AXI4IdIndexer.sv
${prj_dir}/design/./chipyard.harness.TestHarness.RocketQuadCoreConfig/gen-collateral/AXI4IdIndexer_1.sv
${prj_dir}/design/./chipyard.harness.TestHarness.RocketQuadCoreConfig/gen-collateral/AXI4RAM.sv
${prj_dir}/design/./chipyard.harness.TestHarness.RocketQuadCoreConfig/gen-collateral/AXI4UserYanker.sv
${prj_dir}/design/./chipyard.harness.TestHarness.RocketQuadCoreConfig/gen-collateral/AXI4UserYanker_1.sv
${prj_dir}/design/./chipyard.harness.TestHarness.RocketQuadCoreConfig/gen-collateral/AXI4Xbar.sv
${prj_dir}/design/./chipyard.harness.TestHarness.RocketQuadCoreConfig/gen-collateral/BankBinder.sv
${prj_dir}/design/./chipyard.harness.TestHarness.RocketQuadCoreConfig/gen-collateral/BankedStore.sv
${prj_dir}/design/./chipyard.harness.TestHarness.RocketQuadCoreConfig/gen-collateral/BreakpointUnit.sv
${prj_dir}/design/./chipyard.harness.TestHarness.RocketQuadCoreConfig/gen-collateral/BTB.sv
${prj_dir}/design/./chipyard.harness.TestHarness.RocketQuadCoreConfig/gen-collateral/BundleBridgeNexus_42.sv
${prj_dir}/design/./chipyard.harness.TestHarness.RocketQuadCoreConfig/gen-collateral/CaptureChain.sv
${prj_dir}/design/./chipyard.harness.TestHarness.RocketQuadCoreConfig/gen-collateral/CaptureUpdateChain.sv
${prj_dir}/design/./chipyard.harness.TestHarness.RocketQuadCoreConfig/gen-collateral/CaptureUpdateChain_1.sv
${prj_dir}/design/./chipyard.harness.TestHarness.RocketQuadCoreConfig/gen-collateral/CaptureUpdateChain_2.sv
${prj_dir}/design/./chipyard.harness.TestHarness.RocketQuadCoreConfig/gen-collateral/cc_banks_0.sv
${prj_dir}/design/./chipyard.harness.TestHarness.RocketQuadCoreConfig/gen-collateral/cc_banks_1.sv
${prj_dir}/design/./chipyard.harness.TestHarness.RocketQuadCoreConfig/gen-collateral/cc_banks_2.sv
${prj_dir}/design/./chipyard.harness.TestHarness.RocketQuadCoreConfig/gen-collateral/cc_banks_3.sv
${prj_dir}/design/./chipyard.harness.TestHarness.RocketQuadCoreConfig/gen-collateral/cc_dir.sv
${prj_dir}/design/./chipyard.harness.TestHarness.RocketQuadCoreConfig/gen-collateral/ChipTop.sv
${prj_dir}/design/./chipyard.harness.TestHarness.RocketQuadCoreConfig/gen-collateral/chipyard.harness.TestHarness.RocketQuadCoreConfig.model.mems.v
${prj_dir}/design/./chipyard.harness.TestHarness.RocketQuadCoreConfig/gen-collateral/chipyard.harness.TestHarness.RocketQuadCoreConfig.top.mems.v
${prj_dir}/design/./chipyard.harness.TestHarness.RocketQuadCoreConfig/gen-collateral/CLINT.sv
${prj_dir}/design/./chipyard.harness.TestHarness.RocketQuadCoreConfig/gen-collateral/ClockCrossingReg_w21.sv
${prj_dir}/design/./chipyard.harness.TestHarness.RocketQuadCoreConfig/gen-collateral/ClockCrossingReg_w32.sv
${prj_dir}/design/./chipyard.harness.TestHarness.RocketQuadCoreConfig/gen-collateral/ClockCrossingReg_w43.sv
${prj_dir}/design/./chipyard.harness.TestHarness.RocketQuadCoreConfig/gen-collateral/ClockCrossingReg_w55.sv
${prj_dir}/design/./chipyard.harness.TestHarness.RocketQuadCoreConfig/gen-collateral/ClockGroupAggregator_6.sv
${prj_dir}/design/./chipyard.harness.TestHarness.RocketQuadCoreConfig/gen-collateral/ClockGroupCombiner.sv
${prj_dir}/design/./chipyard.harness.TestHarness.RocketQuadCoreConfig/gen-collateral/ClockGroupParameterModifier.sv
${prj_dir}/design/./chipyard.harness.TestHarness.RocketQuadCoreConfig/gen-collateral/ClockGroupParameterModifier_1.sv
${prj_dir}/design/./chipyard.harness.TestHarness.RocketQuadCoreConfig/gen-collateral/ClockGroupResetSynchronizer.sv
${prj_dir}/design/./chipyard.harness.TestHarness.RocketQuadCoreConfig/gen-collateral/ClockSinkDomain.sv
${prj_dir}/design/./chipyard.harness.TestHarness.RocketQuadCoreConfig/gen-collateral/ClockSinkDomain_1.sv
${prj_dir}/design/./chipyard.harness.TestHarness.RocketQuadCoreConfig/gen-collateral/ClockSinkDomain_2.sv
${prj_dir}/design/./chipyard.harness.TestHarness.RocketQuadCoreConfig/gen-collateral/ClockSinkDomain_3.sv
${prj_dir}/design/./chipyard.harness.TestHarness.RocketQuadCoreConfig/gen-collateral/ClockSourceAtFreqMHz.v
${prj_dir}/design/./chipyard.harness.TestHarness.RocketQuadCoreConfig/gen-collateral/CoherenceManagerWrapper.sv
${prj_dir}/design/./chipyard.harness.TestHarness.RocketQuadCoreConfig/gen-collateral/CompareRecFN.sv
${prj_dir}/design/./chipyard.harness.TestHarness.RocketQuadCoreConfig/gen-collateral/CSRFile.sv
${prj_dir}/design/./chipyard.harness.TestHarness.RocketQuadCoreConfig/gen-collateral/data_arrays_0.sv
${prj_dir}/design/./chipyard.harness.TestHarness.RocketQuadCoreConfig/gen-collateral/data_arrays_0_0.sv
${prj_dir}/design/./chipyard.harness.TestHarness.RocketQuadCoreConfig/gen-collateral/data_arrays_1.sv
${prj_dir}/design/./chipyard.harness.TestHarness.RocketQuadCoreConfig/gen-collateral/data_combMem.sv
${prj_dir}/design/./chipyard.harness.TestHarness.RocketQuadCoreConfig/gen-collateral/data_combMem_0.sv
${prj_dir}/design/./chipyard.harness.TestHarness.RocketQuadCoreConfig/gen-collateral/data_combMem_1.sv
${prj_dir}/design/./chipyard.harness.TestHarness.RocketQuadCoreConfig/gen-collateral/DCache.sv
${prj_dir}/design/./chipyard.harness.TestHarness.RocketQuadCoreConfig/gen-collateral/DCacheDataArray.sv
${prj_dir}/design/./chipyard.harness.TestHarness.RocketQuadCoreConfig/gen-collateral/DebugTransportModuleJTAG.sv
${prj_dir}/design/./chipyard.harness.TestHarness.RocketQuadCoreConfig/gen-collateral/DigitalTop.sv
${prj_dir}/design/./chipyard.harness.TestHarness.RocketQuadCoreConfig/gen-collateral/Directory.sv
${prj_dir}/design/./chipyard.harness.TestHarness.RocketQuadCoreConfig/gen-collateral/DivSqrtRawFN_small.sv
${prj_dir}/design/./chipyard.harness.TestHarness.RocketQuadCoreConfig/gen-collateral/DivSqrtRawFN_small_1.sv
${prj_dir}/design/./chipyard.harness.TestHarness.RocketQuadCoreConfig/gen-collateral/DivSqrtRecFNToRaw_small.sv
${prj_dir}/design/./chipyard.harness.TestHarness.RocketQuadCoreConfig/gen-collateral/DivSqrtRecFNToRaw_small_1.sv
${prj_dir}/design/./chipyard.harness.TestHarness.RocketQuadCoreConfig/gen-collateral/DivSqrtRecFN_small.sv
${prj_dir}/design/./chipyard.harness.TestHarness.RocketQuadCoreConfig/gen-collateral/DivSqrtRecFN_small_1.sv
${prj_dir}/design/./chipyard.harness.TestHarness.RocketQuadCoreConfig/gen-collateral/DMIToTL.sv
${prj_dir}/design/./chipyard.harness.TestHarness.RocketQuadCoreConfig/gen-collateral/EICG_wrapper.v
${prj_dir}/design/./chipyard.harness.TestHarness.RocketQuadCoreConfig/gen-collateral/ErrorDeviceWrapper.sv
${prj_dir}/design/./chipyard.harness.TestHarness.RocketQuadCoreConfig/gen-collateral/extern_modules.sv
${prj_dir}/design/./chipyard.harness.TestHarness.RocketQuadCoreConfig/gen-collateral/FixedClockBroadcast.sv
${prj_dir}/design/./chipyard.harness.TestHarness.RocketQuadCoreConfig/gen-collateral/FixedClockBroadcast_1.sv
${prj_dir}/design/./chipyard.harness.TestHarness.RocketQuadCoreConfig/gen-collateral/FixedClockBroadcast_3.sv
${prj_dir}/design/./chipyard.harness.TestHarness.RocketQuadCoreConfig/gen-collateral/FPToFP.sv
${prj_dir}/design/./chipyard.harness.TestHarness.RocketQuadCoreConfig/gen-collateral/FPToInt.sv
${prj_dir}/design/./chipyard.harness.TestHarness.RocketQuadCoreConfig/gen-collateral/FPU.sv
${prj_dir}/design/./chipyard.harness.TestHarness.RocketQuadCoreConfig/gen-collateral/FPUDecoder.sv
${prj_dir}/design/./chipyard.harness.TestHarness.RocketQuadCoreConfig/gen-collateral/FPUFMAPipe.sv
${prj_dir}/design/./chipyard.harness.TestHarness.RocketQuadCoreConfig/gen-collateral/FPUFMAPipe_1.sv
${prj_dir}/design/./chipyard.harness.TestHarness.RocketQuadCoreConfig/gen-collateral/Frontend.sv
${prj_dir}/design/./chipyard.harness.TestHarness.RocketQuadCoreConfig/gen-collateral/GenericDeserializer.sv
${prj_dir}/design/./chipyard.harness.TestHarness.RocketQuadCoreConfig/gen-collateral/GenericDeserializer_TestHarness_UNIQUIFIED.sv
${prj_dir}/design/./chipyard.harness.TestHarness.RocketQuadCoreConfig/gen-collateral/GenericSerializer.sv
${prj_dir}/design/./chipyard.harness.TestHarness.RocketQuadCoreConfig/gen-collateral/GenericSerializer_TestHarness_UNIQUIFIED.sv
${prj_dir}/design/./chipyard.harness.TestHarness.RocketQuadCoreConfig/gen-collateral/head_combMem.sv
${prj_dir}/design/./chipyard.harness.TestHarness.RocketQuadCoreConfig/gen-collateral/head_combMem_0.sv
${prj_dir}/design/./chipyard.harness.TestHarness.RocketQuadCoreConfig/gen-collateral/head_combMem_1.sv
${prj_dir}/design/./chipyard.harness.TestHarness.RocketQuadCoreConfig/gen-collateral/HellaCacheArbiter.sv
${prj_dir}/design/./chipyard.harness.TestHarness.RocketQuadCoreConfig/gen-collateral/HellaPeekingArbiter.sv
${prj_dir}/design/./chipyard.harness.TestHarness.RocketQuadCoreConfig/gen-collateral/HellaPeekingArbiter_TestHarness_UNIQUIFIED.sv
${prj_dir}/design/./chipyard.harness.TestHarness.RocketQuadCoreConfig/gen-collateral/IBuf.sv
${prj_dir}/design/./chipyard.harness.TestHarness.RocketQuadCoreConfig/gen-collateral/ICache.sv
${prj_dir}/design/./chipyard.harness.TestHarness.RocketQuadCoreConfig/gen-collateral/IDPool.sv
${prj_dir}/design/./chipyard.harness.TestHarness.RocketQuadCoreConfig/gen-collateral/InclusiveCache.sv
${prj_dir}/design/./chipyard.harness.TestHarness.RocketQuadCoreConfig/gen-collateral/InclusiveCacheBankScheduler.sv
${prj_dir}/design/./chipyard.harness.TestHarness.RocketQuadCoreConfig/gen-collateral/INToRecFN.sv
${prj_dir}/design/./chipyard.harness.TestHarness.RocketQuadCoreConfig/gen-collateral/INToRecFN_1.sv
${prj_dir}/design/./chipyard.harness.TestHarness.RocketQuadCoreConfig/gen-collateral/IntSyncAsyncCrossingSink.sv
${prj_dir}/design/./chipyard.harness.TestHarness.RocketQuadCoreConfig/gen-collateral/IntSyncCrossingSource_1.sv
${prj_dir}/design/./chipyard.harness.TestHarness.RocketQuadCoreConfig/gen-collateral/IntSyncCrossingSource_16.sv
${prj_dir}/design/./chipyard.harness.TestHarness.RocketQuadCoreConfig/gen-collateral/IntSyncCrossingSource_17.sv
${prj_dir}/design/./chipyard.harness.TestHarness.RocketQuadCoreConfig/gen-collateral/IntSyncSyncCrossingSink.sv
${prj_dir}/design/./chipyard.harness.TestHarness.RocketQuadCoreConfig/gen-collateral/IntSyncSyncCrossingSink_1.sv
${prj_dir}/design/./chipyard.harness.TestHarness.RocketQuadCoreConfig/gen-collateral/IntToFP.sv
${prj_dir}/design/./chipyard.harness.TestHarness.RocketQuadCoreConfig/gen-collateral/IntXbar.sv
${prj_dir}/design/./chipyard.harness.TestHarness.RocketQuadCoreConfig/gen-collateral/IntXbar_1.sv
${prj_dir}/design/./chipyard.harness.TestHarness.RocketQuadCoreConfig/gen-collateral/IOCell.v
${prj_dir}/design/./chipyard.harness.TestHarness.RocketQuadCoreConfig/gen-collateral/JtagBypassChain.sv
${prj_dir}/design/./chipyard.harness.TestHarness.RocketQuadCoreConfig/gen-collateral/JtagStateMachine.sv
${prj_dir}/design/./chipyard.harness.TestHarness.RocketQuadCoreConfig/gen-collateral/JtagTapController.sv
${prj_dir}/design/./chipyard.harness.TestHarness.RocketQuadCoreConfig/gen-collateral/LevelGateway.sv
${prj_dir}/design/./chipyard.harness.TestHarness.RocketQuadCoreConfig/gen-collateral/ListBuffer.sv
${prj_dir}/design/./chipyard.harness.TestHarness.RocketQuadCoreConfig/gen-collateral/ListBuffer_1.sv
${prj_dir}/design/./chipyard.harness.TestHarness.RocketQuadCoreConfig/gen-collateral/ListBuffer_2.sv
${prj_dir}/design/./chipyard.harness.TestHarness.RocketQuadCoreConfig/gen-collateral/MaxPeriodFibonacciLFSR.sv
${prj_dir}/design/./chipyard.harness.TestHarness.RocketQuadCoreConfig/gen-collateral/mem.sv
${prj_dir}/design/./chipyard.harness.TestHarness.RocketQuadCoreConfig/gen-collateral/MemoryBus.sv
${prj_dir}/design/./chipyard.harness.TestHarness.RocketQuadCoreConfig/gen-collateral/MSHR.sv
${prj_dir}/design/./chipyard.harness.TestHarness.RocketQuadCoreConfig/gen-collateral/MulAddRecFNPipe.sv
${prj_dir}/design/./chipyard.harness.TestHarness.RocketQuadCoreConfig/gen-collateral/MulAddRecFNPipe_1.sv
${prj_dir}/design/./chipyard.harness.TestHarness.RocketQuadCoreConfig/gen-collateral/MulAddRecFNToRaw_postMul.sv
${prj_dir}/design/./chipyard.harness.TestHarness.RocketQuadCoreConfig/gen-collateral/MulAddRecFNToRaw_postMul_1.sv
${prj_dir}/design/./chipyard.harness.TestHarness.RocketQuadCoreConfig/gen-collateral/MulAddRecFNToRaw_preMul.sv
${prj_dir}/design/./chipyard.harness.TestHarness.RocketQuadCoreConfig/gen-collateral/MulAddRecFNToRaw_preMul_1.sv
${prj_dir}/design/./chipyard.harness.TestHarness.RocketQuadCoreConfig/gen-collateral/MulDiv.sv
${prj_dir}/design/./chipyard.harness.TestHarness.RocketQuadCoreConfig/gen-collateral/next_combMem.sv
${prj_dir}/design/./chipyard.harness.TestHarness.RocketQuadCoreConfig/gen-collateral/next_combMem_0.sv
${prj_dir}/design/./chipyard.harness.TestHarness.RocketQuadCoreConfig/gen-collateral/next_combMem_1.sv
${prj_dir}/design/./chipyard.harness.TestHarness.RocketQuadCoreConfig/gen-collateral/NonSyncResetSynchronizerPrimitiveShiftReg_d3.sv
${prj_dir}/design/./chipyard.harness.TestHarness.RocketQuadCoreConfig/gen-collateral/OptimizationBarrier.sv
${prj_dir}/design/./chipyard.harness.TestHarness.RocketQuadCoreConfig/gen-collateral/OptimizationBarrier_42.sv
${prj_dir}/design/./chipyard.harness.TestHarness.RocketQuadCoreConfig/gen-collateral/OptimizationBarrier_43.sv
${prj_dir}/design/./chipyard.harness.TestHarness.RocketQuadCoreConfig/gen-collateral/PeripheryBus.sv
${prj_dir}/design/./chipyard.harness.TestHarness.RocketQuadCoreConfig/gen-collateral/PeripheryBus_1.sv
${prj_dir}/design/./chipyard.harness.TestHarness.RocketQuadCoreConfig/gen-collateral/PLICFanIn.sv
${prj_dir}/design/./chipyard.harness.TestHarness.RocketQuadCoreConfig/gen-collateral/PlusArgTimeout.sv
${prj_dir}/design/./chipyard.harness.TestHarness.RocketQuadCoreConfig/gen-collateral/plusarg_reader.v
${prj_dir}/design/./chipyard.harness.TestHarness.RocketQuadCoreConfig/gen-collateral/plusarg_reader_TestHarness_UNIQUIFIED.v
${prj_dir}/design/./chipyard.harness.TestHarness.RocketQuadCoreConfig/gen-collateral/PMPChecker.sv
${prj_dir}/design/./chipyard.harness.TestHarness.RocketQuadCoreConfig/gen-collateral/PMPChecker_2.sv
${prj_dir}/design/./chipyard.harness.TestHarness.RocketQuadCoreConfig/gen-collateral/ProbePicker.sv
${prj_dir}/design/./chipyard.harness.TestHarness.RocketQuadCoreConfig/gen-collateral/PTW.sv
${prj_dir}/design/./chipyard.harness.TestHarness.RocketQuadCoreConfig/gen-collateral/Queue.sv
${prj_dir}/design/./chipyard.harness.TestHarness.RocketQuadCoreConfig/gen-collateral/Queue_1.sv
${prj_dir}/design/./chipyard.harness.TestHarness.RocketQuadCoreConfig/gen-collateral/Queue_100.sv
${prj_dir}/design/./chipyard.harness.TestHarness.RocketQuadCoreConfig/gen-collateral/Queue_101.sv
${prj_dir}/design/./chipyard.harness.TestHarness.RocketQuadCoreConfig/gen-collateral/Queue_102.sv
${prj_dir}/design/./chipyard.harness.TestHarness.RocketQuadCoreConfig/gen-collateral/Queue_103.sv
${prj_dir}/design/./chipyard.harness.TestHarness.RocketQuadCoreConfig/gen-collateral/Queue_104.sv
${prj_dir}/design/./chipyard.harness.TestHarness.RocketQuadCoreConfig/gen-collateral/Queue_105.sv
${prj_dir}/design/./chipyard.harness.TestHarness.RocketQuadCoreConfig/gen-collateral/Queue_106.sv
${prj_dir}/design/./chipyard.harness.TestHarness.RocketQuadCoreConfig/gen-collateral/Queue_109.sv
${prj_dir}/design/./chipyard.harness.TestHarness.RocketQuadCoreConfig/gen-collateral/Queue_110.sv
${prj_dir}/design/./chipyard.harness.TestHarness.RocketQuadCoreConfig/gen-collateral/Queue_111.sv
${prj_dir}/design/./chipyard.harness.TestHarness.RocketQuadCoreConfig/gen-collateral/Queue_112.sv
${prj_dir}/design/./chipyard.harness.TestHarness.RocketQuadCoreConfig/gen-collateral/Queue_129.sv
${prj_dir}/design/./chipyard.harness.TestHarness.RocketQuadCoreConfig/gen-collateral/Queue_130.sv
${prj_dir}/design/./chipyard.harness.TestHarness.RocketQuadCoreConfig/gen-collateral/Queue_132.sv
${prj_dir}/design/./chipyard.harness.TestHarness.RocketQuadCoreConfig/gen-collateral/Queue_133.sv
${prj_dir}/design/./chipyard.harness.TestHarness.RocketQuadCoreConfig/gen-collateral/Queue_136.sv
${prj_dir}/design/./chipyard.harness.TestHarness.RocketQuadCoreConfig/gen-collateral/Queue_138.sv
${prj_dir}/design/./chipyard.harness.TestHarness.RocketQuadCoreConfig/gen-collateral/Queue_140.sv
${prj_dir}/design/./chipyard.harness.TestHarness.RocketQuadCoreConfig/gen-collateral/Queue_141.sv
${prj_dir}/design/./chipyard.harness.TestHarness.RocketQuadCoreConfig/gen-collateral/Queue_143.sv
${prj_dir}/design/./chipyard.harness.TestHarness.RocketQuadCoreConfig/gen-collateral/Queue_144.sv
${prj_dir}/design/./chipyard.harness.TestHarness.RocketQuadCoreConfig/gen-collateral/Queue_17.sv
${prj_dir}/design/./chipyard.harness.TestHarness.RocketQuadCoreConfig/gen-collateral/Queue_1_TestHarness_UNIQUIFIED.sv
${prj_dir}/design/./chipyard.harness.TestHarness.RocketQuadCoreConfig/gen-collateral/Queue_2.sv
${prj_dir}/design/./chipyard.harness.TestHarness.RocketQuadCoreConfig/gen-collateral/Queue_37.sv
${prj_dir}/design/./chipyard.harness.TestHarness.RocketQuadCoreConfig/gen-collateral/Queue_4.sv
${prj_dir}/design/./chipyard.harness.TestHarness.RocketQuadCoreConfig/gen-collateral/Queue_5.sv
${prj_dir}/design/./chipyard.harness.TestHarness.RocketQuadCoreConfig/gen-collateral/Queue_53.sv
${prj_dir}/design/./chipyard.harness.TestHarness.RocketQuadCoreConfig/gen-collateral/Queue_54.sv
${prj_dir}/design/./chipyard.harness.TestHarness.RocketQuadCoreConfig/gen-collateral/Queue_55.sv
${prj_dir}/design/./chipyard.harness.TestHarness.RocketQuadCoreConfig/gen-collateral/Queue_56.sv
${prj_dir}/design/./chipyard.harness.TestHarness.RocketQuadCoreConfig/gen-collateral/Queue_59.sv
${prj_dir}/design/./chipyard.harness.TestHarness.RocketQuadCoreConfig/gen-collateral/Queue_60.sv
${prj_dir}/design/./chipyard.harness.TestHarness.RocketQuadCoreConfig/gen-collateral/Queue_63.sv
${prj_dir}/design/./chipyard.harness.TestHarness.RocketQuadCoreConfig/gen-collateral/Queue_64.sv
${prj_dir}/design/./chipyard.harness.TestHarness.RocketQuadCoreConfig/gen-collateral/Queue_65.sv
${prj_dir}/design/./chipyard.harness.TestHarness.RocketQuadCoreConfig/gen-collateral/Queue_66.sv
${prj_dir}/design/./chipyard.harness.TestHarness.RocketQuadCoreConfig/gen-collateral/Queue_68.sv
${prj_dir}/design/./chipyard.harness.TestHarness.RocketQuadCoreConfig/gen-collateral/Queue_69.sv
${prj_dir}/design/./chipyard.harness.TestHarness.RocketQuadCoreConfig/gen-collateral/Queue_70.sv
${prj_dir}/design/./chipyard.harness.TestHarness.RocketQuadCoreConfig/gen-collateral/Queue_72.sv
${prj_dir}/design/./chipyard.harness.TestHarness.RocketQuadCoreConfig/gen-collateral/Queue_93.sv
${prj_dir}/design/./chipyard.harness.TestHarness.RocketQuadCoreConfig/gen-collateral/Queue_94.sv
${prj_dir}/design/./chipyard.harness.TestHarness.RocketQuadCoreConfig/gen-collateral/Queue_95.sv
${prj_dir}/design/./chipyard.harness.TestHarness.RocketQuadCoreConfig/gen-collateral/Queue_96.sv
${prj_dir}/design/./chipyard.harness.TestHarness.RocketQuadCoreConfig/gen-collateral/Queue_97.sv
${prj_dir}/design/./chipyard.harness.TestHarness.RocketQuadCoreConfig/gen-collateral/Queue_98.sv
${prj_dir}/design/./chipyard.harness.TestHarness.RocketQuadCoreConfig/gen-collateral/Queue_99.sv
${prj_dir}/design/./chipyard.harness.TestHarness.RocketQuadCoreConfig/gen-collateral/ram_address_combMem.sv
${prj_dir}/design/./chipyard.harness.TestHarness.RocketQuadCoreConfig/gen-collateral/ram_combMem.sv
${prj_dir}/design/./chipyard.harness.TestHarness.RocketQuadCoreConfig/gen-collateral/ram_combMem_0.sv
${prj_dir}/design/./chipyard.harness.TestHarness.RocketQuadCoreConfig/gen-collateral/ram_combMem_1.sv
${prj_dir}/design/./chipyard.harness.TestHarness.RocketQuadCoreConfig/gen-collateral/ram_combMem_10.sv
${prj_dir}/design/./chipyard.harness.TestHarness.RocketQuadCoreConfig/gen-collateral/ram_combMem_11.sv
${prj_dir}/design/./chipyard.harness.TestHarness.RocketQuadCoreConfig/gen-collateral/ram_combMem_12.sv
${prj_dir}/design/./chipyard.harness.TestHarness.RocketQuadCoreConfig/gen-collateral/ram_combMem_13.sv
${prj_dir}/design/./chipyard.harness.TestHarness.RocketQuadCoreConfig/gen-collateral/ram_combMem_14.sv
${prj_dir}/design/./chipyard.harness.TestHarness.RocketQuadCoreConfig/gen-collateral/ram_combMem_14_TestHarness_UNIQUIFIED.sv
${prj_dir}/design/./chipyard.harness.TestHarness.RocketQuadCoreConfig/gen-collateral/ram_combMem_15.sv
${prj_dir}/design/./chipyard.harness.TestHarness.RocketQuadCoreConfig/gen-collateral/ram_combMem_15_TestHarness_UNIQUIFIED.sv
${prj_dir}/design/./chipyard.harness.TestHarness.RocketQuadCoreConfig/gen-collateral/ram_combMem_16.sv
${prj_dir}/design/./chipyard.harness.TestHarness.RocketQuadCoreConfig/gen-collateral/ram_combMem_17.sv
${prj_dir}/design/./chipyard.harness.TestHarness.RocketQuadCoreConfig/gen-collateral/ram_combMem_18.sv
${prj_dir}/design/./chipyard.harness.TestHarness.RocketQuadCoreConfig/gen-collateral/ram_combMem_19.sv
${prj_dir}/design/./chipyard.harness.TestHarness.RocketQuadCoreConfig/gen-collateral/ram_combMem_2.sv
${prj_dir}/design/./chipyard.harness.TestHarness.RocketQuadCoreConfig/gen-collateral/ram_combMem_20.sv
${prj_dir}/design/./chipyard.harness.TestHarness.RocketQuadCoreConfig/gen-collateral/ram_combMem_21.sv
${prj_dir}/design/./chipyard.harness.TestHarness.RocketQuadCoreConfig/gen-collateral/ram_combMem_22.sv
${prj_dir}/design/./chipyard.harness.TestHarness.RocketQuadCoreConfig/gen-collateral/ram_combMem_23.sv
${prj_dir}/design/./chipyard.harness.TestHarness.RocketQuadCoreConfig/gen-collateral/ram_combMem_24.sv
${prj_dir}/design/./chipyard.harness.TestHarness.RocketQuadCoreConfig/gen-collateral/ram_combMem_25.sv
${prj_dir}/design/./chipyard.harness.TestHarness.RocketQuadCoreConfig/gen-collateral/ram_combMem_26.sv
${prj_dir}/design/./chipyard.harness.TestHarness.RocketQuadCoreConfig/gen-collateral/ram_combMem_27.sv
${prj_dir}/design/./chipyard.harness.TestHarness.RocketQuadCoreConfig/gen-collateral/ram_combMem_28.sv
${prj_dir}/design/./chipyard.harness.TestHarness.RocketQuadCoreConfig/gen-collateral/ram_combMem_29.sv
${prj_dir}/design/./chipyard.harness.TestHarness.RocketQuadCoreConfig/gen-collateral/ram_combMem_3.sv
${prj_dir}/design/./chipyard.harness.TestHarness.RocketQuadCoreConfig/gen-collateral/ram_combMem_30.sv
${prj_dir}/design/./chipyard.harness.TestHarness.RocketQuadCoreConfig/gen-collateral/ram_combMem_30_TestHarness_UNIQUIFIED.sv
${prj_dir}/design/./chipyard.harness.TestHarness.RocketQuadCoreConfig/gen-collateral/ram_combMem_31.sv
${prj_dir}/design/./chipyard.harness.TestHarness.RocketQuadCoreConfig/gen-collateral/ram_combMem_32.sv
${prj_dir}/design/./chipyard.harness.TestHarness.RocketQuadCoreConfig/gen-collateral/ram_combMem_33.sv
${prj_dir}/design/./chipyard.harness.TestHarness.RocketQuadCoreConfig/gen-collateral/ram_combMem_34.sv
${prj_dir}/design/./chipyard.harness.TestHarness.RocketQuadCoreConfig/gen-collateral/ram_combMem_35.sv
${prj_dir}/design/./chipyard.harness.TestHarness.RocketQuadCoreConfig/gen-collateral/ram_combMem_4.sv
${prj_dir}/design/./chipyard.harness.TestHarness.RocketQuadCoreConfig/gen-collateral/ram_combMem_5.sv
${prj_dir}/design/./chipyard.harness.TestHarness.RocketQuadCoreConfig/gen-collateral/ram_combMem_6.sv
${prj_dir}/design/./chipyard.harness.TestHarness.RocketQuadCoreConfig/gen-collateral/ram_combMem_7.sv
${prj_dir}/design/./chipyard.harness.TestHarness.RocketQuadCoreConfig/gen-collateral/ram_combMem_8.sv
${prj_dir}/design/./chipyard.harness.TestHarness.RocketQuadCoreConfig/gen-collateral/ram_combMem_9.sv
${prj_dir}/design/./chipyard.harness.TestHarness.RocketQuadCoreConfig/gen-collateral/ram_data_combMem.sv
${prj_dir}/design/./chipyard.harness.TestHarness.RocketQuadCoreConfig/gen-collateral/ram_sink_combMem.sv
${prj_dir}/design/./chipyard.harness.TestHarness.RocketQuadCoreConfig/gen-collateral/RecFNToIN.sv
${prj_dir}/design/./chipyard.harness.TestHarness.RocketQuadCoreConfig/gen-collateral/RecFNToIN_1.sv
${prj_dir}/design/./chipyard.harness.TestHarness.RocketQuadCoreConfig/gen-collateral/RecFNToRecFN.sv
${prj_dir}/design/./chipyard.harness.TestHarness.RocketQuadCoreConfig/gen-collateral/regfile_combMem.sv
${prj_dir}/design/./chipyard.harness.TestHarness.RocketQuadCoreConfig/gen-collateral/Repeater.sv
${prj_dir}/design/./chipyard.harness.TestHarness.RocketQuadCoreConfig/gen-collateral/Repeater_1.sv
${prj_dir}/design/./chipyard.harness.TestHarness.RocketQuadCoreConfig/gen-collateral/Repeater_2.sv
${prj_dir}/design/./chipyard.harness.TestHarness.RocketQuadCoreConfig/gen-collateral/Repeater_3.sv
${prj_dir}/design/./chipyard.harness.TestHarness.RocketQuadCoreConfig/gen-collateral/Repeater_5.sv
${prj_dir}/design/./chipyard.harness.TestHarness.RocketQuadCoreConfig/gen-collateral/Repeater_6.sv
${prj_dir}/design/./chipyard.harness.TestHarness.RocketQuadCoreConfig/gen-collateral/Repeater_7.sv
${prj_dir}/design/./chipyard.harness.TestHarness.RocketQuadCoreConfig/gen-collateral/ResetCatchAndSync_d3.sv
${prj_dir}/design/./chipyard.harness.TestHarness.RocketQuadCoreConfig/gen-collateral/ResetCatchAndSync_d3_TestHarness_UNIQUIFIED.sv
${prj_dir}/design/./chipyard.harness.TestHarness.RocketQuadCoreConfig/gen-collateral/ResetSynchronizerShiftReg_w1_d3_i0.sv
${prj_dir}/design/./chipyard.harness.TestHarness.RocketQuadCoreConfig/gen-collateral/rf_combMem.sv
${prj_dir}/design/./chipyard.harness.TestHarness.RocketQuadCoreConfig/gen-collateral/Rocket.sv
${prj_dir}/design/./chipyard.harness.TestHarness.RocketQuadCoreConfig/gen-collateral/RocketTile.sv
${prj_dir}/design/./chipyard.harness.TestHarness.RocketQuadCoreConfig/gen-collateral/RoundAnyRawFNToRecFN.sv
${prj_dir}/design/./chipyard.harness.TestHarness.RocketQuadCoreConfig/gen-collateral/RoundAnyRawFNToRecFN_1.sv
${prj_dir}/design/./chipyard.harness.TestHarness.RocketQuadCoreConfig/gen-collateral/RoundAnyRawFNToRecFN_2.sv
${prj_dir}/design/./chipyard.harness.TestHarness.RocketQuadCoreConfig/gen-collateral/RoundAnyRawFNToRecFN_3.sv
${prj_dir}/design/./chipyard.harness.TestHarness.RocketQuadCoreConfig/gen-collateral/RoundAnyRawFNToRecFN_4.sv
${prj_dir}/design/./chipyard.harness.TestHarness.RocketQuadCoreConfig/gen-collateral/RoundRawFNToRecFN.sv
${prj_dir}/design/./chipyard.harness.TestHarness.RocketQuadCoreConfig/gen-collateral/RoundRawFNToRecFN_1.sv
${prj_dir}/design/./chipyard.harness.TestHarness.RocketQuadCoreConfig/gen-collateral/RVCExpander.sv
${prj_dir}/design/./chipyard.harness.TestHarness.RocketQuadCoreConfig/gen-collateral/SerialRAM.sv
${prj_dir}/design/./chipyard.harness.TestHarness.RocketQuadCoreConfig/gen-collateral/ShiftQueue.sv
${prj_dir}/design/./chipyard.harness.TestHarness.RocketQuadCoreConfig/gen-collateral/SimAXIMem.sv
${prj_dir}/design/./chipyard.harness.TestHarness.RocketQuadCoreConfig/gen-collateral/SimDRAM.v
${prj_dir}/design/./chipyard.harness.TestHarness.RocketQuadCoreConfig/gen-collateral/SimJTAG.v
${prj_dir}/design/./chipyard.harness.TestHarness.RocketQuadCoreConfig/gen-collateral/SimTSI.v
${prj_dir}/design/./chipyard.harness.TestHarness.RocketQuadCoreConfig/gen-collateral/SimUART.v
${prj_dir}/design/./chipyard.harness.TestHarness.RocketQuadCoreConfig/gen-collateral/SinkA.sv
${prj_dir}/design/./chipyard.harness.TestHarness.RocketQuadCoreConfig/gen-collateral/SinkC.sv
${prj_dir}/design/./chipyard.harness.TestHarness.RocketQuadCoreConfig/gen-collateral/SinkD.sv
${prj_dir}/design/./chipyard.harness.TestHarness.RocketQuadCoreConfig/gen-collateral/SinkE.sv
${prj_dir}/design/./chipyard.harness.TestHarness.RocketQuadCoreConfig/gen-collateral/SinkX.sv
${prj_dir}/design/./chipyard.harness.TestHarness.RocketQuadCoreConfig/gen-collateral/SourceA.sv
${prj_dir}/design/./chipyard.harness.TestHarness.RocketQuadCoreConfig/gen-collateral/SourceB.sv
${prj_dir}/design/./chipyard.harness.TestHarness.RocketQuadCoreConfig/gen-collateral/SourceC.sv
${prj_dir}/design/./chipyard.harness.TestHarness.RocketQuadCoreConfig/gen-collateral/SourceD.sv
${prj_dir}/design/./chipyard.harness.TestHarness.RocketQuadCoreConfig/gen-collateral/SourceE.sv
${prj_dir}/design/./chipyard.harness.TestHarness.RocketQuadCoreConfig/gen-collateral/SourceX.sv
${prj_dir}/design/./chipyard.harness.TestHarness.RocketQuadCoreConfig/gen-collateral/SynchronizerShiftReg_w1_d3.sv
${prj_dir}/design/./chipyard.harness.TestHarness.RocketQuadCoreConfig/gen-collateral/SystemBus.sv
${prj_dir}/design/./chipyard.harness.TestHarness.RocketQuadCoreConfig/gen-collateral/table_combMem.sv
${prj_dir}/design/./chipyard.harness.TestHarness.RocketQuadCoreConfig/gen-collateral/tag_array.sv
${prj_dir}/design/./chipyard.harness.TestHarness.RocketQuadCoreConfig/gen-collateral/tag_array_0.sv
${prj_dir}/design/./chipyard.harness.TestHarness.RocketQuadCoreConfig/gen-collateral/tail_combMem.sv
${prj_dir}/design/./chipyard.harness.TestHarness.RocketQuadCoreConfig/gen-collateral/tail_combMem_0.sv
${prj_dir}/design/./chipyard.harness.TestHarness.RocketQuadCoreConfig/gen-collateral/tail_combMem_1.sv
${prj_dir}/design/./chipyard.harness.TestHarness.RocketQuadCoreConfig/gen-collateral/TestDriver.v
${prj_dir}/design/./chipyard.harness.TestHarness.RocketQuadCoreConfig/gen-collateral/TestHarness.sv
${prj_dir}/design/./chipyard.harness.TestHarness.RocketQuadCoreConfig/gen-collateral/TileClockGater.sv
${prj_dir}/design/./chipyard.harness.TestHarness.RocketQuadCoreConfig/gen-collateral/TilePRCIDomain.sv
${prj_dir}/design/./chipyard.harness.TestHarness.RocketQuadCoreConfig/gen-collateral/TileResetSetter.sv
${prj_dir}/design/./chipyard.harness.TestHarness.RocketQuadCoreConfig/gen-collateral/TLAsyncCrossingSink.sv
${prj_dir}/design/./chipyard.harness.TestHarness.RocketQuadCoreConfig/gen-collateral/TLAsyncCrossingSource.sv
${prj_dir}/design/./chipyard.harness.TestHarness.RocketQuadCoreConfig/gen-collateral/TLAtomicAutomata.sv
${prj_dir}/design/./chipyard.harness.TestHarness.RocketQuadCoreConfig/gen-collateral/TLAtomicAutomata_1.sv
${prj_dir}/design/./chipyard.harness.TestHarness.RocketQuadCoreConfig/gen-collateral/TLBuffer.sv
${prj_dir}/design/./chipyard.harness.TestHarness.RocketQuadCoreConfig/gen-collateral/TLBuffer_1.sv
${prj_dir}/design/./chipyard.harness.TestHarness.RocketQuadCoreConfig/gen-collateral/TLBuffer_11.sv
${prj_dir}/design/./chipyard.harness.TestHarness.RocketQuadCoreConfig/gen-collateral/TLBuffer_15.sv
${prj_dir}/design/./chipyard.harness.TestHarness.RocketQuadCoreConfig/gen-collateral/TLBuffer_2.sv
${prj_dir}/design/./chipyard.harness.TestHarness.RocketQuadCoreConfig/gen-collateral/TLBuffer_3.sv
${prj_dir}/design/./chipyard.harness.TestHarness.RocketQuadCoreConfig/gen-collateral/TLBuffer_30.sv
${prj_dir}/design/./chipyard.harness.TestHarness.RocketQuadCoreConfig/gen-collateral/TLBuffer_4.sv
${prj_dir}/design/./chipyard.harness.TestHarness.RocketQuadCoreConfig/gen-collateral/TLBuffer_5.sv
${prj_dir}/design/./chipyard.harness.TestHarness.RocketQuadCoreConfig/gen-collateral/TLBuffer_6.sv
${prj_dir}/design/./chipyard.harness.TestHarness.RocketQuadCoreConfig/gen-collateral/TLBuffer_8.sv
${prj_dir}/design/./chipyard.harness.TestHarness.RocketQuadCoreConfig/gen-collateral/TLBusBypass.sv
${prj_dir}/design/./chipyard.harness.TestHarness.RocketQuadCoreConfig/gen-collateral/TLBusBypassBar.sv
${prj_dir}/design/./chipyard.harness.TestHarness.RocketQuadCoreConfig/gen-collateral/TLB_1.sv
${prj_dir}/design/./chipyard.harness.TestHarness.RocketQuadCoreConfig/gen-collateral/TLCacheCork.sv
${prj_dir}/design/./chipyard.harness.TestHarness.RocketQuadCoreConfig/gen-collateral/TLDebugModule.sv
${prj_dir}/design/./chipyard.harness.TestHarness.RocketQuadCoreConfig/gen-collateral/TLDebugModuleInner.sv
${prj_dir}/design/./chipyard.harness.TestHarness.RocketQuadCoreConfig/gen-collateral/TLDebugModuleInnerAsync.sv
${prj_dir}/design/./chipyard.harness.TestHarness.RocketQuadCoreConfig/gen-collateral/TLDebugModuleOuter.sv
${prj_dir}/design/./chipyard.harness.TestHarness.RocketQuadCoreConfig/gen-collateral/TLDebugModuleOuterAsync.sv
${prj_dir}/design/./chipyard.harness.TestHarness.RocketQuadCoreConfig/gen-collateral/TLError.sv
${prj_dir}/design/./chipyard.harness.TestHarness.RocketQuadCoreConfig/gen-collateral/TLError_1.sv
${prj_dir}/design/./chipyard.harness.TestHarness.RocketQuadCoreConfig/gen-collateral/TLFIFOFixer.sv
${prj_dir}/design/./chipyard.harness.TestHarness.RocketQuadCoreConfig/gen-collateral/TLFIFOFixer_1.sv
${prj_dir}/design/./chipyard.harness.TestHarness.RocketQuadCoreConfig/gen-collateral/TLFIFOFixer_2.sv
${prj_dir}/design/./chipyard.harness.TestHarness.RocketQuadCoreConfig/gen-collateral/TLFIFOFixer_3.sv
${prj_dir}/design/./chipyard.harness.TestHarness.RocketQuadCoreConfig/gen-collateral/TLFIFOFixer_4.sv
${prj_dir}/design/./chipyard.harness.TestHarness.RocketQuadCoreConfig/gen-collateral/TLFragmenter.sv
${prj_dir}/design/./chipyard.harness.TestHarness.RocketQuadCoreConfig/gen-collateral/TLFragmenter_1.sv
${prj_dir}/design/./chipyard.harness.TestHarness.RocketQuadCoreConfig/gen-collateral/TLFragmenter_2.sv
${prj_dir}/design/./chipyard.harness.TestHarness.RocketQuadCoreConfig/gen-collateral/TLFragmenter_3.sv
${prj_dir}/design/./chipyard.harness.TestHarness.RocketQuadCoreConfig/gen-collateral/TLFragmenter_4.sv
${prj_dir}/design/./chipyard.harness.TestHarness.RocketQuadCoreConfig/gen-collateral/TLFragmenter_5.sv
${prj_dir}/design/./chipyard.harness.TestHarness.RocketQuadCoreConfig/gen-collateral/TLFragmenter_6.sv
${prj_dir}/design/./chipyard.harness.TestHarness.RocketQuadCoreConfig/gen-collateral/TLFragmenter_7.sv
${prj_dir}/design/./chipyard.harness.TestHarness.RocketQuadCoreConfig/gen-collateral/TLInterconnectCoupler_10.sv
${prj_dir}/design/./chipyard.harness.TestHarness.RocketQuadCoreConfig/gen-collateral/TLInterconnectCoupler_11.sv
${prj_dir}/design/./chipyard.harness.TestHarness.RocketQuadCoreConfig/gen-collateral/TLInterconnectCoupler_13.sv
${prj_dir}/design/./chipyard.harness.TestHarness.RocketQuadCoreConfig/gen-collateral/TLInterconnectCoupler_14.sv
${prj_dir}/design/./chipyard.harness.TestHarness.RocketQuadCoreConfig/gen-collateral/TLInterconnectCoupler_16.sv
${prj_dir}/design/./chipyard.harness.TestHarness.RocketQuadCoreConfig/gen-collateral/TLInterconnectCoupler_20.sv
${prj_dir}/design/./chipyard.harness.TestHarness.RocketQuadCoreConfig/gen-collateral/TLInterconnectCoupler_22.sv
${prj_dir}/design/./chipyard.harness.TestHarness.RocketQuadCoreConfig/gen-collateral/TLInterconnectCoupler_24.sv
${prj_dir}/design/./chipyard.harness.TestHarness.RocketQuadCoreConfig/gen-collateral/TLInterconnectCoupler_7.sv
${prj_dir}/design/./chipyard.harness.TestHarness.RocketQuadCoreConfig/gen-collateral/TLInterconnectCoupler_8.sv
${prj_dir}/design/./chipyard.harness.TestHarness.RocketQuadCoreConfig/gen-collateral/TLInterconnectCoupler_9.sv
${prj_dir}/design/./chipyard.harness.TestHarness.RocketQuadCoreConfig/gen-collateral/TLMonitor.sv
${prj_dir}/design/./chipyard.harness.TestHarness.RocketQuadCoreConfig/gen-collateral/TLMonitor_1.sv
${prj_dir}/design/./chipyard.harness.TestHarness.RocketQuadCoreConfig/gen-collateral/TLMonitor_10.sv
${prj_dir}/design/./chipyard.harness.TestHarness.RocketQuadCoreConfig/gen-collateral/TLMonitor_11.sv
${prj_dir}/design/./chipyard.harness.TestHarness.RocketQuadCoreConfig/gen-collateral/TLMonitor_12.sv
${prj_dir}/design/./chipyard.harness.TestHarness.RocketQuadCoreConfig/gen-collateral/TLMonitor_13.sv
${prj_dir}/design/./chipyard.harness.TestHarness.RocketQuadCoreConfig/gen-collateral/TLMonitor_14.sv
${prj_dir}/design/./chipyard.harness.TestHarness.RocketQuadCoreConfig/gen-collateral/TLMonitor_15.sv
${prj_dir}/design/./chipyard.harness.TestHarness.RocketQuadCoreConfig/gen-collateral/TLMonitor_16.sv
${prj_dir}/design/./chipyard.harness.TestHarness.RocketQuadCoreConfig/gen-collateral/TLMonitor_17.sv
${prj_dir}/design/./chipyard.harness.TestHarness.RocketQuadCoreConfig/gen-collateral/TLMonitor_18.sv
${prj_dir}/design/./chipyard.harness.TestHarness.RocketQuadCoreConfig/gen-collateral/TLMonitor_19.sv
${prj_dir}/design/./chipyard.harness.TestHarness.RocketQuadCoreConfig/gen-collateral/TLMonitor_20.sv
${prj_dir}/design/./chipyard.harness.TestHarness.RocketQuadCoreConfig/gen-collateral/TLMonitor_21.sv
${prj_dir}/design/./chipyard.harness.TestHarness.RocketQuadCoreConfig/gen-collateral/TLMonitor_22.sv
${prj_dir}/design/./chipyard.harness.TestHarness.RocketQuadCoreConfig/gen-collateral/TLMonitor_23.sv
${prj_dir}/design/./chipyard.harness.TestHarness.RocketQuadCoreConfig/gen-collateral/TLMonitor_24.sv
${prj_dir}/design/./chipyard.harness.TestHarness.RocketQuadCoreConfig/gen-collateral/TLMonitor_25.sv
${prj_dir}/design/./chipyard.harness.TestHarness.RocketQuadCoreConfig/gen-collateral/TLMonitor_26.sv
${prj_dir}/design/./chipyard.harness.TestHarness.RocketQuadCoreConfig/gen-collateral/TLMonitor_27.sv
${prj_dir}/design/./chipyard.harness.TestHarness.RocketQuadCoreConfig/gen-collateral/TLMonitor_28.sv
${prj_dir}/design/./chipyard.harness.TestHarness.RocketQuadCoreConfig/gen-collateral/TLMonitor_29.sv
${prj_dir}/design/./chipyard.harness.TestHarness.RocketQuadCoreConfig/gen-collateral/TLMonitor_30.sv
${prj_dir}/design/./chipyard.harness.TestHarness.RocketQuadCoreConfig/gen-collateral/TLMonitor_31.sv
${prj_dir}/design/./chipyard.harness.TestHarness.RocketQuadCoreConfig/gen-collateral/TLMonitor_32.sv
${prj_dir}/design/./chipyard.harness.TestHarness.RocketQuadCoreConfig/gen-collateral/TLMonitor_33.sv
${prj_dir}/design/./chipyard.harness.TestHarness.RocketQuadCoreConfig/gen-collateral/TLMonitor_34.sv
${prj_dir}/design/./chipyard.harness.TestHarness.RocketQuadCoreConfig/gen-collateral/TLMonitor_35.sv
${prj_dir}/design/./chipyard.harness.TestHarness.RocketQuadCoreConfig/gen-collateral/TLMonitor_36.sv
${prj_dir}/design/./chipyard.harness.TestHarness.RocketQuadCoreConfig/gen-collateral/TLMonitor_37.sv
${prj_dir}/design/./chipyard.harness.TestHarness.RocketQuadCoreConfig/gen-collateral/TLMonitor_38.sv
${prj_dir}/design/./chipyard.harness.TestHarness.RocketQuadCoreConfig/gen-collateral/TLMonitor_39.sv
${prj_dir}/design/./chipyard.harness.TestHarness.RocketQuadCoreConfig/gen-collateral/TLMonitor_40.sv
${prj_dir}/design/./chipyard.harness.TestHarness.RocketQuadCoreConfig/gen-collateral/TLMonitor_41.sv
${prj_dir}/design/./chipyard.harness.TestHarness.RocketQuadCoreConfig/gen-collateral/TLMonitor_42.sv
${prj_dir}/design/./chipyard.harness.TestHarness.RocketQuadCoreConfig/gen-collateral/TLMonitor_43.sv
${prj_dir}/design/./chipyard.harness.TestHarness.RocketQuadCoreConfig/gen-collateral/TLMonitor_44.sv
${prj_dir}/design/./chipyard.harness.TestHarness.RocketQuadCoreConfig/gen-collateral/TLMonitor_45.sv
${prj_dir}/design/./chipyard.harness.TestHarness.RocketQuadCoreConfig/gen-collateral/TLMonitor_46.sv
${prj_dir}/design/./chipyard.harness.TestHarness.RocketQuadCoreConfig/gen-collateral/TLMonitor_47.sv
${prj_dir}/design/./chipyard.harness.TestHarness.RocketQuadCoreConfig/gen-collateral/TLMonitor_48.sv
${prj_dir}/design/./chipyard.harness.TestHarness.RocketQuadCoreConfig/gen-collateral/TLMonitor_5.sv
${prj_dir}/design/./chipyard.harness.TestHarness.RocketQuadCoreConfig/gen-collateral/TLMonitor_58.sv
${prj_dir}/design/./chipyard.harness.TestHarness.RocketQuadCoreConfig/gen-collateral/TLMonitor_59.sv
${prj_dir}/design/./chipyard.harness.TestHarness.RocketQuadCoreConfig/gen-collateral/TLMonitor_6.sv
${prj_dir}/design/./chipyard.harness.TestHarness.RocketQuadCoreConfig/gen-collateral/TLMonitor_60.sv
${prj_dir}/design/./chipyard.harness.TestHarness.RocketQuadCoreConfig/gen-collateral/TLMonitor_61.sv
${prj_dir}/design/./chipyard.harness.TestHarness.RocketQuadCoreConfig/gen-collateral/TLMonitor_62.sv
${prj_dir}/design/./chipyard.harness.TestHarness.RocketQuadCoreConfig/gen-collateral/TLMonitor_63.sv
${prj_dir}/design/./chipyard.harness.TestHarness.RocketQuadCoreConfig/gen-collateral/TLMonitor_64.sv
${prj_dir}/design/./chipyard.harness.TestHarness.RocketQuadCoreConfig/gen-collateral/TLMonitor_65.sv
${prj_dir}/design/./chipyard.harness.TestHarness.RocketQuadCoreConfig/gen-collateral/TLMonitor_66.sv
${prj_dir}/design/./chipyard.harness.TestHarness.RocketQuadCoreConfig/gen-collateral/TLMonitor_67.sv
${prj_dir}/design/./chipyard.harness.TestHarness.RocketQuadCoreConfig/gen-collateral/TLMonitor_68.sv
${prj_dir}/design/./chipyard.harness.TestHarness.RocketQuadCoreConfig/gen-collateral/TLMonitor_69.sv
${prj_dir}/design/./chipyard.harness.TestHarness.RocketQuadCoreConfig/gen-collateral/TLMonitor_70.sv
${prj_dir}/design/./chipyard.harness.TestHarness.RocketQuadCoreConfig/gen-collateral/TLMonitor_71.sv
${prj_dir}/design/./chipyard.harness.TestHarness.RocketQuadCoreConfig/gen-collateral/TLMonitor_72.sv
${prj_dir}/design/./chipyard.harness.TestHarness.RocketQuadCoreConfig/gen-collateral/TLMonitor_73.sv
${prj_dir}/design/./chipyard.harness.TestHarness.RocketQuadCoreConfig/gen-collateral/TLPLIC.sv
${prj_dir}/design/./chipyard.harness.TestHarness.RocketQuadCoreConfig/gen-collateral/TLROM.sv
${prj_dir}/design/./chipyard.harness.TestHarness.RocketQuadCoreConfig/gen-collateral/TLSerdesser.sv
${prj_dir}/design/./chipyard.harness.TestHarness.RocketQuadCoreConfig/gen-collateral/TLSerdesser_1.sv
${prj_dir}/design/./chipyard.harness.TestHarness.RocketQuadCoreConfig/gen-collateral/TLToAXI4.sv
${prj_dir}/design/./chipyard.harness.TestHarness.RocketQuadCoreConfig/gen-collateral/TLToAXI4_1.sv
${prj_dir}/design/./chipyard.harness.TestHarness.RocketQuadCoreConfig/gen-collateral/TLUART.sv
${prj_dir}/design/./chipyard.harness.TestHarness.RocketQuadCoreConfig/gen-collateral/TLXbar.sv
${prj_dir}/design/./chipyard.harness.TestHarness.RocketQuadCoreConfig/gen-collateral/TLXbar_16.sv
${prj_dir}/design/./chipyard.harness.TestHarness.RocketQuadCoreConfig/gen-collateral/TLXbar_17.sv
${prj_dir}/design/./chipyard.harness.TestHarness.RocketQuadCoreConfig/gen-collateral/TLXbar_2.sv
${prj_dir}/design/./chipyard.harness.TestHarness.RocketQuadCoreConfig/gen-collateral/TLXbar_4.sv
${prj_dir}/design/./chipyard.harness.TestHarness.RocketQuadCoreConfig/gen-collateral/TLXbar_5.sv
${prj_dir}/design/./chipyard.harness.TestHarness.RocketQuadCoreConfig/gen-collateral/TLXbar_8.sv
${prj_dir}/design/./chipyard.harness.TestHarness.RocketQuadCoreConfig/gen-collateral/TSIToTileLink.sv
${prj_dir}/design/./chipyard.harness.TestHarness.RocketQuadCoreConfig/gen-collateral/UARTAdapter.sv
${prj_dir}/design/./chipyard.harness.TestHarness.RocketQuadCoreConfig/gen-collateral/UARTRx.sv
${prj_dir}/design/./chipyard.harness.TestHarness.RocketQuadCoreConfig/gen-collateral/UARTRx_TestHarness_UNIQUIFIED.sv
${prj_dir}/design/./chipyard.harness.TestHarness.RocketQuadCoreConfig/gen-collateral/UARTTx.sv
${prj_dir}/design/./chipyard.harness.TestHarness.RocketQuadCoreConfig/gen-collateral/UARTTx_TestHarness_UNIQUIFIED.sv
${prj_dir}/design/./top/axi_ddr_wrapper.sv
${prj_dir}/design/./top/axi_sram_wrapper.sv
${prj_dir}/design/./top/rocket_wrapper.sv
${prj_dir}/design/./top/top.sv
